POST /v1/chat/completions

{"max_tokens":1024,"messages":[{"content":"You are a helper. Use \u003ctags\u003e \u0026 quotes \"sparingly\".","role":"system"},{"content":[{"text":"Say hi to \u003cAcme\u003e \u0026 friends.","type":"text"}],"role":"user"}],"model":"upstream-model","prompt_cache_key":"s-123","reasoning_effort":"none","stream":true,"stream_options":{"include_usage":true},"temperature":0.2}
