POST /v1/chat/completions

{"max_tokens":2048,"messages":[{"content":"Project assistant.","role":"system"},{"content":[{"text":"Open the notes file.","type":"text"}],"role":"user"},{"content":"Reading.","role":"assistant","tool_calls":[{"function":{"arguments":"{\"path\":\"notes.txt\"}","name":"Read"},"id":"toolu_hist01","type":"function"}]},{"content":"line one\nline two","role":"tool","tool_call_id":"toolu_hist01"},{"content":[{"text":"Now read the todo file too.","type":"text"}],"role":"user"}],"model":"upstream-model","stop":["\u003c/done\u003e"],"stream":true,"stream_options":{"include_usage":true},"tool_choice":"auto","tools":[{"function":{"description":"Read a file","name":"Read","parameters":{"type":"object","properties":{"path":{"type":"string"}},"required":["path"]}},"type":"function"}]}
